// Jest Snapshot v1, https://goo.gl/fbAQLP

exports[`SearchFilter SearchFilter should render correctly 1`] = `ShallowWrapper {}`;
