// Jest Snapshot v1, https://goo.gl/fbAQLP

exports[`ItemRating ItemRating should render correctly 1`] = `ShallowWrapper {}`;
