// Jest Snapshot v1, https://goo.gl/fbAQLP

exports[`ItemImage ItemImage should render correctly 1`] = `ShallowWrapper {}`;
