// Jest Snapshot v1, https://goo.gl/fbAQLP

exports[`ErrorBoundary ErrorBoundary should render correctly 1`] = `ShallowWrapper {}`;

exports[`IconButton IconButton should render correctly 1`] = `ShallowWrapper {}`;
