// Jest Snapshot v1, https://goo.gl/fbAQLP

exports[`ResultsCount ResultsCount should render correctly 1`] = `ShallowWrapper {}`;
