// Jest Snapshot v1, https://goo.gl/fbAQLP

exports[`Pagination Pagination should render correctly 1`] = `ShallowWrapper {}`;
