// Jest Snapshot v1, https://goo.gl/fbAQLP

exports[`Search Search should render correctly 1`] = `ShallowWrapper {}`;
