// Jest Snapshot v1, https://goo.gl/fbAQLP

exports[`ItemGenre ItemGenre should render correctly 1`] = `ShallowWrapper {}`;
