// Jest Snapshot v1, https://goo.gl/fbAQLP

exports[`SearchPanel SearchPanel should render correctly 1`] = `ShallowWrapper {}`;
