// Jest Snapshot v1, https://goo.gl/fbAQLP

exports[`SearchButton SearchButton should render correctly 1`] = `ShallowWrapper {}`;
