// Jest Snapshot v1, https://goo.gl/fbAQLP

exports[`ResultsBody ResultsBody should render correctly 1`] = `ShallowWrapper {}`;
