// Jest Snapshot v1, https://goo.gl/fbAQLP

exports[` 1`] = `ShallowWrapper {}`;

exports[`ErrorBoundary ErrorBoundary should render correctly 1`] = `ShallowWrapper {}`;

exports[`News container check DatePicker popup open 1`] = `ShallowWrapper {}`;
